
[1m[46m RUN [49m[22m [36mv4.0.10 [39m[90mC:/Users/dusvl/OneDrive/Documents/workspace/capston_v001[39m

[90mstdout[2m | src/components/profile/ProfileForm.test.tsx[2m > [22m[2mProfileForm[2m > [22m[2msubmits form with valid data
[22m[39mSupabase response error: [1mnull[22m

[90mstdout[2m | src/components/profile/ProfileForm.test.tsx[2m > [22m[2mProfileForm[2m > [22m[2mhandles server error
[22m[39mSupabase response error: { message: [32m'Server error occurred'[39m }

 [31m??[39m src/components/profile/ProfileForm.test.tsx [2m([22m[2m4 tests[22m[2m | [22m[31m1 failed[39m[2m)[22m[33m 1174[2mms[22m[39m
     [32m??[39m renders with initial values[32m 38[2mms[22m[39m
[31m     [31m횞[31m shows validation error for invalid phone number[39m[33m 1036[2mms[22m[39m
     [32m??[39m submits form with valid data[32m 53[2mms[22m[39m
     [32m??[39m handles server error[32m 46[2mms[22m[39m
node.exe : 
위치 C:\Program Files\nodejs\npx.ps1:29 문자:3
+   & $NODE_EXE $NPX_CLI_JS $args
+   ~~~~~~~~~~~~~~~~~~~~~~~~~~~~~
    + CategoryInfo          : NotSpecified: (:String) [], RemoteException
    + FullyQualifiedErrorId : NativeCommandError
 
[31m??렞??렞??렞??[39m[1m[41m Failed Tests 1 [49m[22m[31m??렞??렞??렞??[39m

[41m[1m FAIL [22m[49m src/components/profile/ProfileForm.test.tsx[2m > [22mProfileForm[2m > [22mshows validation error for invalid phone number
[31m[1mTestingLibraryElementError[22m[39m: Unable to find an element with the text: ?곕씫泥섎뒗 010-0000-0000 ?뺤떇?댁뼱???⑸땲??. This could be because the text is broken up by multiple elements. In this case, you can provide a function for your tex
t matcher to make your matcher more flexible.

Ignored nodes: comments, script, style
[36m<body>[39m
  [36m<div>[39m
    [36m<form[39m
      [33mclass[39m=[32m"flex flex-col gap-4 rounded-2xl border border-slate-800 bg-slate-950/60 p-6"[39m
    [36m>[39m
      [36m<div[39m
        [33mclass[39m=[32m"space-y-2"[39m
      [36m>[39m
        [36m<h2[39m
          [33mclass[39m=[32m"text-2xl font-semibold text-slate-50"[39m
        [36m>[39m
          [0m?꾨줈???뺣낫[0m
        [36m</h2>[39m
        [36m<p[39m
          [33mclass[39m=[32m"text-sm text-slate-400"[39m
        [36m>[39m
          [0m?좉퀬 諛??곕씫???꾪븳 湲곕낯 ?뺣낫瑜?理쒖떊 ?곹깭濡??좎??섏꽭??[0m
        [36m</p>[39m
      [36m</div>[39m
      [36m<label[39m
        [33mclass[39m=[32m"flex flex-col gap-2 text-sm text-slate-200"[39m
      [36m>[39m
        [36m<span[39m
          [33mclass[39m=[32m"font-semibold text-slate-50"[39m
        [36m>[39m
          [0m?대쫫[0m
        [36m</span>[39m
        [36m<input[39m
          [33mclass[39m=[32m"rounded-2xl border bg-slate-950/60 px-4 py-3 text-base text-slate-50 placeholder:text-slate-500 transition focus-visible:outline-2 focus-visible:outline-sky-400 border-slate-800"[39m
          [33mname[39m=[32m"fullName"[39m
          [33mplaceholder[39m=[32m"?띻만??[39m
        [36m/>[39m
      [36m</label>[39m
      [36m<label[39m
        [33mclass[39m=[32m"flex flex-col gap-2 text-sm text-slate-200"[39m
      [36m>[39m
        [36m<span[39m
          [33mclass[39m=[32m"font-semibold text-slate-50"[39m
        [36m>[39m
          [0m?곕씫泥?[0m
        [36m</span>[39m
        [36m<input[39m
          [33mclass[39m=[32m"rounded-2xl border bg-slate-950/60 px-4 py-3 text-base text-slate-50 placeholder:text-slate-500 transition focus-visible:outline-2 focus-visible:outline-sky-400 border-slate-800"[39m
          [33mname[39m=[32m"phone"[39m
          [33mplaceholder[39m=[32m"010-0000-0000"[39m
        [36m/>[39m
      [36m</label>[39m
      [36m<label[39m
        [33mclass[39m=[32m"flex flex-col gap-2 text-sm text-slate-200"[39m
      [36m>[39m
        [36m<span[39m
          [33mclass[39m=[32m"font-semibold text-slate-50"[39m
        [36m>[39m
          [0m鍮꾩긽 ?곕씫泥?[0m
        [36m</span>[39m
        [36m<input[39m
          [33mclass[39m=[32m"rounded-2xl border bg-slate-950/60 px-4 py-3 text-base text-slate-50 placeholder:text-slate-500 transition focus-visible:outline-2 focus-visible:outline-sky-400 border-slate-800"[39m
          [33mname[39m=[32m"emergencyContact"[39m
          [33mplaceholder[39m=[32m"010-0000-0000"[39m
        [36m/>[39m
      [36m</label>[39m
      [36m<div[39m
        [33mclass[39m=[32m"flex flex-wrap gap-3"[39m
      [36m>[39m
        [36m<button[39m
          [33mclass[39m=[32m"inline-flex items-center justify-center rounded-2xl font-semibold transition focus-visible:outline-2 focus-visible:outline-sky-300 bg-sky-500 text-slate-950 border-transparent hover:bg-sky-400 px-5 py-2 text-bas
e"[39m
          [33mtype[39m=[32m"submit"[39m
        [36m>[39m
          [0m蹂寃??댁슜 ???[0m
        [36m</button>[39m
        [36m<button[39m
          [33mclass[39m=[32m"inline-flex items-center justify-center rounded-2xl font-semibold transition focus-visible:outline-2 focus-visible:outline-sky-300 bg-slate-800 text-slate-100 border border-slate-700 hover:border-slate-500 px-5 
py-2 text-base"[39m
          [33mtype[39m=[32m"button"[39m
        [36m>[39m
          [0m?섎룎由ш린[0m
        [36m</button>[39m
      [36m</div>[39m
    [36m</form>[39m
  [36m</div>[39m
[36m</body>[39m

Ignored nodes: comments, script, style
[36m<html>[39m
  [36m<head />[39m
  [36m<body>[39m
    [36m<div>[39m
      [36m<form[39m
        [33mclass[39m=[32m"flex flex-col gap-4 rounded-2xl border border-slate-800 bg-slate-950/60 p-6"[39m
      [36m>[39m
        [36m<div[39m
          [33mclass[39m=[32m"space-y-2"[39m
        [36m>[39m
          [36m<h2[39m
            [33mclass[39m=[32m"text-2xl font-semibold text-slate-50"[39m
          [36m>[39m
            [0m?꾨줈???뺣낫[0m
          [36m</h2>[39m
          [36m<p[39m
            [33mclass[39m=[32m"text-sm text-slate-400"[39m
          [36m>[39m
            [0m?좉퀬 諛??곕씫???꾪븳 湲곕낯 ?뺣낫瑜?理쒖떊 ?곹깭濡??좎??섏꽭??[0m
          [36m</p>[39m
        [36m</div>[39m
        [36m<label[39m
          [33mclass[39m=[32m"flex flex-col gap-2 text-sm text-slate-200"[39m
        [36m>[39m
          [36m<span[39m
            [33mclass[39m=[32m"font-semibold text-slate-50"[39m
          [36m>[39m
            [0m?대쫫[0m
          [36m</span>[39m
          [36m<input[39m
            [33mclass[39m=[32m"rounded-2xl border bg-slate-950/60 px-4 py-3 text-base text-slate-50 placeholder:text-slate-500 transition focus-visible:outline-2 focus-visible:outline-sky-400 border-slate-800"[39m
            [33mname[39m=[32m"fullName"[39m
            [33mplaceholder[39m=[32m"?띻만??[39m
          [36m/>[39m
        [36m</label>[39m
        [36m<label[39m
          [33mclass[39m=[32m"flex flex-col gap-2 text-sm text-slate-200"[39m
        [36m>[39m
          [36m<span[39m
            [33mclass[39m=[32m"font-semibold text-slate-50"[39m
          [36m>[39m

[2m Test Files [22m [1m[31m1 failed[39m[22m[90m (1)[39m
[2m      Tests [22m [1m[31m1 failed[39m[22m[2m | [22m[1m[32m3 passed[39m[22m[90m (4)[39m
[2m   Start at [22m 17:01:32
[2m   Duration [22m 2.48s[2m (transform 145ms, setup 139ms, collect 414ms, tests 1.17s, environment 389ms, prepare 15ms)[22m

            [0m?곕씫泥?[0m
          [36m</span>[39m
          [36m<input[39m
            [33mclass[39m=[32m"rounded-2xl border bg-slate-950/60 px-4 py-3 text-base text-slate-50 placeholder:text-slate-500 transition focus-visible:outline-2 focus-visible:outline-sky-400 border-slate-800"[39m
            [33mname[39m=[32m"phone"[39m
            [33mplaceholder[39m=[32m"010-0000-0000"[39m
          [36m/>[39m
        [36m</label>[39m
        [36m<label[39m
          [33mclass[39m=[32m"flex flex-col gap-2 text-sm text-slate-200"[39m
        [36m>[39m
          [36m<span[39m
            [33mclass[39m=[32m"font-semibold text-slate-50"[39m
          [36m>[39m
            [0m鍮꾩긽 ?곕씫泥?[0m
          [36m</span>[39m
          [36m<input[39m
            [33mclass[39m=[32m"rounded-2xl border bg-slate-950/60 px-4 py-3 text-base text-slate-50 placeholder:text-slate-500 transition focus-visible:outline-2 focus-visible:outline-sky-400 border-slate-800"[39m
            [33mname[39m=[32m"emergencyContact"[39m
            [33mplaceholder[39m=[32m"010-0000-0000"[39m
          [36m/>[39m
        [36m</label>[39m
        [36m<div[39m
          [33mclass[39m=[32m"flex flex-wrap gap-3"[39m
        [36m>[39m
          [36m<button[39m
            [33mclass[39m=[32m"inline-flex items-center justify-center rounded-2xl font-semibold transition focus-visible:outline-2 focus-visible:outline-sky-300 bg-sky-500 text-slate-950 border-transparent hover:bg-sky-400 px-5 py-2 text-b
ase"[39m
            [33mtype[39m=[32m"submit"[39m
          [36m>[39m
            [0m蹂寃??댁슜 ???[0m
          [36m</button>[39m
          [36m<button[39m
            [33mclass[39m=[32m"inline-flex items-center justify-center rounded-2xl font-semibold transition focus-visible:outline-2 focus-visible:outline-sky-300 bg-slate-800 text-slate-100 border border-slate-700 hover:border-slate-500 px-
5 py-2 text-base"[39m
            [33mtype[39m=[32m"button"[39m
          [36m>[39m
            [0m?섎룎由ш린[0m
          [36m</button>[39m
        [36m</div>[39m
      [36m</form>[39m
    [36m</div>[39m
  [36m</body>[39m
[36m</html>[39m
[90m [2m??[22m Proxy.waitForWrapper node_modules/@testing-library/dom/dist/wait-for.js:[2m163:27[22m[39m
[36m [2m??[22m src/components/profile/ProfileForm.test.tsx:[2m63:15[22m[39m
    [90m 61| [39m        fireEvent[33m.[39m[34mblur[39m(phoneInput)[33m;[39m
    [90m 62| [39m
    [90m 63| [39m        [35mawait[39m [34mwaitFor[39m(() [33m=>[39m {
    [90m   | [39m              [31m^[39m
    [90m 64| [39m            expect(screen.getByText("?곕씫泥섎뒗 010-0000-0000 ?뺤떇?댁뼱???⑸땲??")).??    [90m 65| [39m        })[33m;[39m

[31m[2m??렞??렞??렞??렞??렞??렞??렞??렞??렞??렞??렞??렞[1/1]??[22m[39m

